// Jest Snapshot v1, https://goo.gl/fbAQLP

exports[`App renders correctly 1`] = `
<div
  className="App"
>
  <div
    className="MainContainer"
  >
    <div
      className="wrapper"
    >
      <div
        className="LanguageSelection"
      >
        <div
          className="gridContainer"
        >
          <div
            className="buttonGrid"
          >
            <div>
              <button
                className="buttonComponent"
                onClick={[Function]}
                value="en"
              >
                English
              </button>
            </div>
            <div>
              <button
                className="buttonComponent"
                onClick={[Function]}
                value="es"
              >
                Español
              </button>
            </div>
            <div>
              <button
                className="buttonComponent"
                onClick={[Function]}
                value="vi"
              >
                Tiếng Việt
              </button>
            </div>
          </div>
        </div>
      </div>
      <div
        className="items blur"
      >
        <div
          className="Navbar"
        >
          <img
            alt="CIIT Logo"
            className="logo"
            src="CiiT Logo.png"
          />
          <div
            className="NavLinks"
          >
            <a
              href="/"
              onClick={[Function]}
            >
              Home
            </a>
            <a
              href="/about"
              onClick={[Function]}
            >
              About
            </a>
            <div
              className="languageDropdown"
            >
              <div
                className="languageSelect"
              >
                <div
                  className="languageSelectContainer"
                >
                  <svg
                    className="languageIcon"
                    height="26px"
                    width="26px"
                  >
                    LanguagePicker.svg
                  </svg>
                  <select
                    onChange={[Function]}
                    value="en"
                  >
                    <option
                      className="languageOption"
                      value="en"
                    >
                      English
                    </option>
                    <option
                      className="languageOption"
                      value="es"
                    >
                      Español
                    </option>
                    <option
                      className="languageOption"
                      value="vi"
                    >
                      Tiếng Việt
                    </option>
                  </select>
                </div>
              </div>
            </div>
          </div>
        </div>
        <div
          className="main"
        >
          <div
            className="section"
          >
            <div
              className="LandingPage"
            >
              <h1>
                Welcome to the Virtual Citizenship Workshop
              </h1>
              <div
                className="content"
              >
                <div>
                  <div
                    className="description"
                  >
                    <h2>
                      What is the Virtual Citizenship Workshop?
                    </h2>
                    <p>
                      This workshop is an opportunity to learn more about the process to become a U.S. citizen, verify your elegibility to apply for citizenship, and get connected to free legal assistance.
                    </p>
                  </div>
                  <div
                    className="description last"
                  >
                    <h2>
                      Who Can Participate?
                    </h2>
                    <p>
                      Depending on the date that you became a Legal Permanent Resident, you might or might not be able to participate in this workshop.
                    </p>
                    <p>
                      But don't worry, if you can't participate in this workshop, you might be able to participate in future workshops.
                    </p>
                  </div>
                  <button
                    className="buttonComponent"
                    onClick={[Function]}
                  >
                    See If You Can Participate
                  </button>
                </div>
                <img
                  alt="placeholder"
                  src="image placeholder.png"
                />
              </div>
            </div>
          </div>
          <div
            className="footer"
          >
            <div
              className="imgRow"
            >
              <img
                alt="CiiT Logo"
                className="ciitLogo"
                src="CiiT Logo.png"
              />
              <img
                alt="CET-ICP Logo"
                className="ceticpLogo"
                src="CET-ICP Logo.png"
              />
            </div>
            <div
              className="textRow1"
            >
              <div>
                CIIT was designed by the Center for Employment Training -
              </div>
              <div>
                Immigration & Citizenship Program (CET-ICP)
              </div>
            </div>
            <div
              className="textRow2"
            >
              CET-ICP is a 501C3 Nonprofit Organization
            </div>
          </div>
        </div>
      </div>
    </div>
  </div>
</div>
`;
