// Jest Snapshot v1, https://goo.gl/fbAQLP

exports[`Questionnaire renders correctly 1`] = `
<div
  className="Questionnaire"
>
  <div
    className="QuestionnaireIntro"
  >
    <div>
      <h1>
        :
      </h1>
      <h2 />
      <ul>
        <li />
        <li />
      </ul>
    </div>
    <div>
      <h1 />
      <ul>
        <li />
        <li />
        <li />
      </ul>
    </div>
    <div
      className="ButtonContainer"
    >
      <button
        className="buttonComponent"
        onClick={[Function]}
      />
    </div>
  </div>
</div>
`;
